17:22:28 **** Build of configuration Debug for project ch2_constructing_peripheral_register_from_memory_addresses ****
make -j16 all 
arm-none-eabi-gcc -mcpu=cortex-m0plus -g3 -DDEBUG -c -x assembler-with-cpp -MMD -MP -MF"Startup/startup_stm32g071rbtx.d" -MT"Startup/startup_stm32g071rbtx.o" --specs=nano.specs -mfloat-abi=soft -mthumb -o "Startup/startup_stm32g071rbtx.o" "../Startup/startup_stm32g071rbtx.s"
arm-none-eabi-gcc "../Src/main.c" -mcpu=cortex-m0plus -std=gnu11 -g3 -DDEBUG -DSTM32G071RBTx -DSTM32 -DSTM32G0 -DNUCLEO_G071RB -c -I../Inc -O0 -ffunction-sections -fdata-sections -Wall -fstack-usage -fcyclomatic-complexity -MMD -MP -MF"Src/main.d" -MT"Src/main.o" --specs=nano.specs -mfloat-abi=soft -mthumb -o "Src/main.o"
arm-none-eabi-gcc "../Src/syscalls.c" -mcpu=cortex-m0plus -std=gnu11 -g3 -DDEBUG -DSTM32G071RBTx -DSTM32 -DSTM32G0 -DNUCLEO_G071RB -c -I../Inc -O0 -ffunction-sections -fdata-sections -Wall -fstack-usage -fcyclomatic-complexity -MMD -MP -MF"Src/syscalls.d" -MT"Src/syscalls.o" --specs=nano.specs -mfloat-abi=soft -mthumb -o "Src/syscalls.o"
arm-none-eabi-gcc "../Src/sysmem.c" -mcpu=cortex-m0plus -std=gnu11 -g3 -DDEBUG -DSTM32G071RBTx -DSTM32 -DSTM32G0 -DNUCLEO_G071RB -c -I../Inc -O0 -ffunction-sections -fdata-sections -Wall -fstack-usage -fcyclomatic-complexity -MMD -MP -MF"Src/sysmem.d" -MT"Src/sysmem.o" --specs=nano.specs -mfloat-abi=soft -mthumb -o "Src/sysmem.o"
arm-none-eabi-gcc -o "ch2_constructing_peripheral_register_from_memory_addresses.elf" @"objects.list"   -mcpu=cortex-m0plus -T"C:\Users\elena\STM32CubeIDE\baremetal_c_book\baremetal_embedded_c_programming-g071rb\ch2_constructing_peripheral_register_from_memory_addresses\STM32G071RBTX_FLASH.ld" --specs=nosys.specs -Wl,-Map="ch2_constructing_peripheral_register_from_memory_addresses.map" -Wl,--gc-sections -static --specs=nano.specs -mfloat-abi=soft -mthumb -Wl,--start-group -lc -lm -Wl,--end-group
Finished building target: ch2_constructing_peripheral_register_from_memory_addresses.elf
 
arm-none-eabi-size  ch2_constructing_peripheral_register_from_memory_addresses.elf 
arm-none-eabi-objdump -h -S ch2_constructing_peripheral_register_from_memory_addresses.elf  > "ch2_constructing_peripheral_register_from_memory_addresses.list"
   text	   data	    bss	    dec	    hex	filename
    456	      0	   1568	   2024	    7e8	ch2_constructing_peripheral_register_from_memory_addresses.elf
Finished building: default.size.stdout
 
Finished building: ch2_constructing_peripheral_register_from_memory_addresses.list
 
17:22:35 **** Incremental Build of configuration Debug for project ch2_constructing_peripheral_register_from_memory_addresses ****
make -j16 all 
arm-none-eabi-size  ch2_constructing_peripheral_register_from_memory_addresses.elf 
   text	   data	    bss	    dec	    hex	filename
    456	      0	   1568	   2024	    7e8	ch2_constructing_peripheral_register_from_memory_addresses.elf
Finished building: default.size.stdout
 
