15:35:07 **** Incremental Build of configuration Debug for project ch7_gpio_input_output ****
make -j12 all 
arm-none-eabi-gcc "../Src/gpio.c" -mcpu=cortex-m4 -std=gnu11 -g3 -DDEBUG -DSTM32 -DSTM32F4 -DSTM32F411CEUx -DSTM32F411xE -c -I../Inc -I"C:/Users/elena/Documents/Repos/baremetal_c_book/STM32F411X/ch7_gpio_input_output/chip_headers/CMSIS/Include" -I"C:/Users/elena/Documents/Repos/baremetal_c_book/STM32F411X/ch7_gpio_input_output/chip_headers/CMSIS/Device/ST/STM32F4xx/Include" -O0 -ffunction-sections -fdata-sections -Wall -fstack-usage -fcyclomatic-complexity -MMD -MP -MF"Src/gpio.d" -MT"Src/gpio.o" --specs=nano.specs -mfpu=fpv4-sp-d16 -mfloat-abi=hard -mthumb -o "Src/gpio.o"
arm-none-eabi-gcc "../Src/main.c" -mcpu=cortex-m4 -std=gnu11 -g3 -DDEBUG -DSTM32 -DSTM32F4 -DSTM32F411CEUx -DSTM32F411xE -c -I../Inc -I"C:/Users/elena/Documents/Repos/baremetal_c_book/STM32F411X/ch7_gpio_input_output/chip_headers/CMSIS/Include" -I"C:/Users/elena/Documents/Repos/baremetal_c_book/STM32F411X/ch7_gpio_input_output/chip_headers/CMSIS/Device/ST/STM32F4xx/Include" -O0 -ffunction-sections -fdata-sections -Wall -fstack-usage -fcyclomatic-complexity -MMD -MP -MF"Src/main.d" -MT"Src/main.o" --specs=nano.specs -mfpu=fpv4-sp-d16 -mfloat-abi=hard -mthumb -o "Src/main.o"
arm-none-eabi-gcc -o "ch7_gpio_input_output.elf" @"objects.list"   -mcpu=cortex-m4 -T"C:\Users\elena\Documents\Repos\baremetal_c_book\STM32F411X\ch7_gpio_input_output\STM32F411CEUX_FLASH.ld" --specs=nosys.specs -Wl,-Map="ch7_gpio_input_output.map" -Wl,--gc-sections -static --specs=nano.specs -mfpu=fpv4-sp-d16 -mfloat-abi=hard -mthumb -Wl,--start-group -lc -lm -Wl,--end-group
Finished building target: ch7_gpio_input_output.elf
 
arm-none-eabi-size  ch7_gpio_input_output.elf 
arm-none-eabi-objdump -h -S ch7_gpio_input_output.elf  > "ch7_gpio_input_output.list"
   text	   data	    bss	    dec	    hex	filename
    848	      0	   1568	   2416	    970	ch7_gpio_input_output.elf
Finished building: default.size.stdout
 
Finished building: ch7_gpio_input_output.list
 
15:35:15 **** Incremental Build of configuration Debug for project ch7_gpio_input_output ****
make -j12 all 
arm-none-eabi-size  ch7_gpio_input_output.elf 
   text	   data	    bss	    dec	    hex	filename
    848	      0	   1568	   2416	    970	ch7_gpio_input_output.elf
Finished building: default.size.stdout
 
