08:40:21 **** Incremental Build of configuration Debug for project ch6.1_header_files ****
make -j12 all 
arm-none-eabi-gcc "../Src/main.c" -mcpu=cortex-m0plus -std=gnu11 -g3 -DDEBUG -DSTM32G071RBTx -DSTM32 -DSTM32G0 -DNUCLEO_G071RB -c -I../Inc -I"C:/Users/elena/STM32CubeIDE/baremetal_embedded_c_programming/ch6.1_header_files/chip_headers/CMSIS/Include" -I"C:/Users/elena/STM32CubeIDE/baremetal_embedded_c_programming/ch6.1_header_files/chip_headers/CMSIS/Device/ST/STM32G0xx/Include" -O0 -ffunction-sections -fdata-sections -Wall -fstack-usage -fcyclomatic-complexity -MMD -MP -MF"Src/main.d" -MT"Src/main.o" --specs=nano.specs -mfloat-abi=soft -mthumb -o "Src/main.o"
arm-none-eabi-gcc -o "ch6.1_header_files.elf" @"objects.list"   -mcpu=cortex-m0plus -T"C:\Users\elena\STM32CubeIDE\baremetal_embedded_c_programming\ch6.1_header_files\STM32G071RBTX_FLASH.ld" --specs=nosys.specs -Wl,-Map="ch6.1_header_files.map" -Wl,--gc-sections -static --specs=nano.specs -mfloat-abi=soft -mthumb -Wl,--start-group -lc -lm -Wl,--end-group
Finished building target: ch6.1_header_files.elf
 
arm-none-eabi-size  ch6.1_header_files.elf 
arm-none-eabi-objdump -h -S ch6.1_header_files.elf  > "ch6.1_header_files.list"
   text	   data	    bss	    dec	    hex	filename
    552	      0	   1568	   2120	    848	ch6.1_header_files.elf
Finished building: default.size.stdout
 
Finished building: ch6.1_header_files.list
 
08:40:26 **** Incremental Build of configuration Debug for project ch6.1_header_files ****
make -j12 all 
arm-none-eabi-size  ch6.1_header_files.elf 
   text	   data	    bss	    dec	    hex	filename
    552	      0	   1568	   2120	    848	ch6.1_header_files.elf
Finished building: default.size.stdout
 
08:40:52 **** Incremental Build of configuration Debug for project ch6.1_header_files ****
make -j12 all 
arm-none-eabi-gcc "../Src/main.c" -mcpu=cortex-m0plus -std=gnu11 -g3 -DDEBUG -DSTM32G071RBTx -DSTM32 -DSTM32G0 -DNUCLEO_G071RB -c -I../Inc -I"C:/Users/elena/STM32CubeIDE/baremetal_embedded_c_programming/ch6.1_header_files/chip_headers/CMSIS/Include" -I"C:/Users/elena/STM32CubeIDE/baremetal_embedded_c_programming/ch6.1_header_files/chip_headers/CMSIS/Device/ST/STM32G0xx/Include" -O0 -ffunction-sections -fdata-sections -Wall -fstack-usage -fcyclomatic-complexity -MMD -MP -MF"Src/main.d" -MT"Src/main.o" --specs=nano.specs -mfloat-abi=soft -mthumb -o "Src/main.o"
arm-none-eabi-gcc -o "ch6.1_header_files.elf" @"objects.list"   -mcpu=cortex-m0plus -T"C:\Users\elena\STM32CubeIDE\baremetal_embedded_c_programming\ch6.1_header_files\STM32G071RBTX_FLASH.ld" --specs=nosys.specs -Wl,-Map="ch6.1_header_files.map" -Wl,--gc-sections -static --specs=nano.specs -mfloat-abi=soft -mthumb -Wl,--start-group -lc -lm -Wl,--end-group
Finished building target: ch6.1_header_files.elf
 
arm-none-eabi-size  ch6.1_header_files.elf 
arm-none-eabi-objdump -h -S ch6.1_header_files.elf  > "ch6.1_header_files.list"
   text	   data	    bss	    dec	    hex	filename
    552	      0	   1568	   2120	    848	ch6.1_header_files.elf
Finished building: default.size.stdout
 
Finished building: ch6.1_header_files.list
 
