19:41:27 **** Incremental Build of configuration Debug for project hal_i2c_cubeide_cubemx ****
make -j12 all 
arm-none-eabi-gcc "../Core/Src/main.c" -mcpu=cortex-m0plus -std=gnu11 -g3 -DDEBUG -DUSE_HAL_DRIVER -DSTM32G071xx -c -I../Core/Inc -I../Drivers/STM32G0xx_HAL_Driver/Inc -I../Drivers/STM32G0xx_HAL_Driver/Inc/Legacy -I../Drivers/CMSIS/Device/ST/STM32G0xx/Include -I../Drivers/CMSIS/Include -O0 -ffunction-sections -fdata-sections -Wall -fstack-usage -fcyclomatic-complexity -MMD -MP -MF"Core/Src/main.d" -MT"Core/Src/main.o" --specs=nano.specs -mfloat-abi=soft -mthumb -o "Core/Src/main.o"
../Core/Src/main.c: In function 'main':
../Core/Src/main.c:75:27: warning: variable 'ret' set but not used [-Wunused-but-set-variable]
   75 |         HAL_StatusTypeDef ret;
      |                           ^~~
arm-none-eabi-gcc -o "hal_i2c_cubeide_cubemx.elf" @"objects.list"   -mcpu=cortex-m0plus -T"C:\Users\elena\STM32CubeIDE\baremetal_embedded_c_programming\hal_i2c_cubeide_cubemx\STM32G071RBTX_FLASH.ld" --specs=nosys.specs -Wl,-Map="hal_i2c_cubeide_cubemx.map" -Wl,--gc-sections -static --specs=nano.specs -mfloat-abi=soft -mthumb -Wl,--start-group -lc -lm -Wl,--end-group
Finished building target: hal_i2c_cubeide_cubemx.elf
 
arm-none-eabi-size  hal_i2c_cubeide_cubemx.elf 
arm-none-eabi-objdump -h -S hal_i2c_cubeide_cubemx.elf  > "hal_i2c_cubeide_cubemx.list"
   text	   data	    bss	    dec	    hex	filename
  13712	     12	   1804	  15528	   3ca8	hal_i2c_cubeide_cubemx.elf
Finished building: default.size.stdout
 
Finished building: hal_i2c_cubeide_cubemx.list
 

19:41:27 Build Finished. 0 errors, 1 warnings. (took 695ms)

